Development Component Build (2026-06-29 04:33:58 GMT-05:00 (EDT))
  Component name: test
  Component vendor: demo.sap.com
  SC compartment: MyComponents
  Configuration: LocalDevelopment
  Location: localDevelopment
  Source code location: kjakka@GCS-HLT-070
  DC root folder: C:\Users\kjakka\eclipse-workspace.jdi\LocalDevelopment\DCs\demo.sap.com\test\_comp\
  DC type: Web Dynpro
  Host: GCS-HLT-070

DC Model check:
   DC is available locally
   validating dependency to build plugin "sap.com/tc/bi/bp/webDynpro"
   validating dependency to  public part "api" of DC "sap.com/tc/bl/logging/api"
   validating dependency to  public part "default" of DC "sap.com/tc/cmi"
   validating dependency to  public part "api" of DC "sap.com/tc/bl/exception/lib"
   validating dependency to  public part "runtime" of DC "sap.com/tc/ddic/runtime/facade"
   validating dependency to  public part "default" of DC "sap.com/tc/wd/api"
   validating dependency to used DC "sap.com/tc/cmi"
   validating dependency to used DC "sap.com/tc/aii/base/offline/facade"
   validating dependency to used DC "sap.com/tc/wd/api"
   validating dependency to used DC "sap.com/tc/bl/logging/api"
   validating dependency to used DC "sap.com/tc/bl/exception/lib"
   validating dependency to  public part "gci" of DC "sap.com/tc/wd/api"
   validating dependency to used DC "sap.com/tc/ddic/runtime/facade"
   validating dependency to  public part "api" of DC "sap.com/tc/aii/base/offline/facade"
   DC model check OK

Start build plugin:
   using build plugin: sap.com/tc/bi/bp/webDynpro
   starting build plugin from : C:\Users\kjakka\eclipse-workspace.jdi\LocalDevelopment\SAP_BUILDT\sap.com\tc\bi\bp\webDynpro\_comp\gen\default\public\webDynpro\



Build Plugin 'WebdynproPlugin', Version 7.30 SP 13 (NW750CORE_13_REL, built on 2018-10-02 18:32:17 +0200, CL259458)
   development component:  test (demo.sap.com)
      software component:  MyComponents (demo.sap.com)
                location:  localDevelopment
                    type:  Web Dynpro
           build variant:  default
         source location:  kjakka@GCS-HLT-070
         output location:  C:\Users\kjakka\eclipse-workspace.jdi\LocalDevelopment\t2\FCBA932EEA9D439C7F76B9798681E23C\default
       generation folder:  C:\Users\kjakka\eclipse-workspace.jdi\LocalDevelopment\t\FCBA932EEA9D439C7F76B9798681E23C
       plugin start time:  2026-06-29 04:34:01 GMT-04:00 (EDT)
                 Java VM:  Java HotSpot(TM) 64-Bit Server VM, 25.202-b08 (1.8, Oracle Corporation)


General options:
  convert *.xlf to *.properties: yes
  include sources for debugging: yes
 


Source folder "META-INF" exists but is empty and will be ignored.
Checking path lengths for sources
Path length checks finished in 0.007 seconds
 
Preparing data context..
Data context preparation finished in 0.048 seconds
 
Creating Ant build file..
  Creating output file: C:\Users\kjakka\eclipse-workspace.jdi\LocalDevelopment\t2\FCBA932EEA9D439C7F76B9798681E23C\default\logs\build.xml
  Using macro file:     C:\Users\kjakka\eclipse-workspace.jdi\LocalDevelopment\SAP_BUILDT\sap.com\tc\bi\bp\webDynpro\_comp\gen\default\public\webDynpro\macros\build.vm
  Web Dynpro project version: 1
Build file creation finished in 0.172 seconds
 
Starting Ant..
  Using build file:     C:\Users\kjakka\eclipse-workspace.jdi\LocalDevelopment\t2\FCBA932EEA9D439C7F76B9798681E23C\default\logs\build.xml
  Using build target:   build
  Using Ant version:    1.7.1
 
compile:
      [echo] Starting dictionary generator
     [ddgen] 
     [ddgen] [Info]    Property deployment is true: Deployment information is provided!
     [ddgen] [Info]    Property sourcepath ...
     [ddgen] [Info]       C:\Users\kjakka\eclipse-workspace.jdi\LocalDevelopment\DCs\demo.sap.com\test\_comp\src\packages
     [ddgen] [Info]    Property targetpath: C:\Users\kjakka\eclipse-workspace.jdi\LocalDevelopment\t\FCBA932EEA9D439C7F76B9798681E23C\gen_ddic
     [ddgen] [Info]    Property archivename: demo.sap.com~test
     [ddgen] [Info]    Property vendor: demo.sap.com
     [ddgen] [Info]    Property dcname: test
     [ddgen] [Info]    Property metadatapath: C:\Users\kjakka\eclipse-workspace.jdi\LocalDevelopment\t\FCBA932EEA9D439C7F76B9798681E23C
     [ddgen] [Info]    Property generates2x is false: S2X files will not be generated
     [ddgen] [Info]    Property projectlanguage: en
     [ddgen] [Info]    Property language: Available languages are automatically determined
     [ddgen] [Info]    Property addpaths ...
     [ddgen] [Info]       core.exception.lib.api.jar - C:/Users/kjakka/eclipse-workspace.jdi/LocalDevelopment/ENGFACADE/sap.com/tc/bl/exception/lib/_comp/gen/default/public/api/lib/java
     [ddgen] [Info]       tc~bl~logging~api~defaultttt.jar - C:/Users/kjakka/eclipse-workspace.jdi/LocalDevelopment/ENGFACADE/sap.com/tc/bl/logging/api/_comp/gen/default/public/api/lib/java
     [ddgen] [Info]       tc~aii~base~offline~facade.jar - C:/Users/kjakka/eclipse-workspace.jdi/LocalDevelopment/FRAMEWORK/sap.com/tc/aii/base/offline/facade/_comp/gen/default/public/api/lib/java
     [ddgen] [Info]       com.sap.tc.cmi.jar - C:/Users/kjakka/eclipse-workspace.jdi/LocalDevelopment/FRAMEWORK/sap.com/tc/cmi/_comp/gen/default/public/default/lib/java
     [ddgen] [Info]       tc~cmi.jar - C:/Users/kjakka/eclipse-workspace.jdi/LocalDevelopment/FRAMEWORK/sap.com/tc/cmi/_comp/gen/default/public/default/lib/java
     [ddgen] [Info]       SapMetamodelDictionaryContent.zip - C:/Users/kjakka/eclipse-workspace.jdi/LocalDevelopment/FRAMEWORK/sap.com/tc/ddic/runtime/facade/_comp/gen/default/public/runtime/lib/java
     [ddgen] [Info]       dictionary.rtcontainer.facade.filter.jar - C:/Users/kjakka/eclipse-workspace.jdi/LocalDevelopment/FRAMEWORK/sap.com/tc/ddic/runtime/facade/_comp/gen/default/public/runtime/lib/java
     [ddgen] [Info]       dictionary.runtime.facade.filter.jar - C:/Users/kjakka/eclipse-workspace.jdi/LocalDevelopment/FRAMEWORK/sap.com/tc/ddic/runtime/facade/_comp/gen/default/public/runtime/lib/java
     [ddgen] [Info]       dictionary.services.facade.filter.jar - C:/Users/kjakka/eclipse-workspace.jdi/LocalDevelopment/FRAMEWORK/sap.com/tc/ddic/runtime/facade/_comp/gen/default/public/runtime/lib/java
     [ddgen] [Info]       tc~ddic~runtime~facade.jar - C:/Users/kjakka/eclipse-workspace.jdi/LocalDevelopment/FRAMEWORK/sap.com/tc/ddic/runtime/facade/_comp/gen/default/public/runtime/lib/java
     [ddgen] [Info]       SapMetamodelDictionaryContent.zip - C:/Users/kjakka/eclipse-workspace.jdi/LocalDevelopment/SAP_BUILDT/sap.com/tc/bi/extddic/_comp/gen/default/public/def/lib/model
     [ddgen] [Info]       SapMetamodelWebdynproContent.zip - C:/Users/kjakka/eclipse-workspace.jdi/LocalDevelopment/WD-RUNTIME/sap.com/tc/wd/api/_comp/gen/default/public/default/lib/java
     [ddgen] [Info]       SapMetamodelWebdynproResources.zip - C:/Users/kjakka/eclipse-workspace.jdi/LocalDevelopment/WD-RUNTIME/sap.com/tc/wd/api/_comp/gen/default/public/default/lib/java
     [ddgen] [Info]       sap.com~tc~wd~api~default.jar - C:/Users/kjakka/eclipse-workspace.jdi/LocalDevelopment/WD-RUNTIME/sap.com/tc/wd/api/_comp/gen/default/public/default/lib/java
     [ddgen] [Info]       sap.com~tc~wd~api~gci.jar - C:/Users/kjakka/eclipse-workspace.jdi/LocalDevelopment/WD-RUNTIME/sap.com/tc/wd/api/_comp/gen/default/public/gci/lib/java
     [ddgen] [Info]    Optional property i18npath is empty
     [ddgen] [Info]    Initialize generation templates from configuration jar:file:/C:/Users/kjakka/eclipse-workspace.jdi/LocalDevelopment/SAP_BUILDT/sap.com/tc/bi/extddic/_comp/gen/default/public/def/lib/java/dictionary_generation_core_api.jar!/DictionaryGenerationConfigurationCompiled.xml
     [ddgen] [Info]    Using DocumentBuilder com.sun.org.apache.xerces.internal.jaxp.DocumentBuilderImpl
     [ddgen] [Info]    Generating C:/Users/kjakka/eclipse-workspace.jdi/LocalDevelopment/t/FCBA932EEA9D439C7F76B9798681E23C/S2XFileList.txt
     [ddgen] [Info]    Generating C:/Users/kjakka/eclipse-workspace.jdi/LocalDevelopment/t/FCBA932EEA9D439C7F76B9798681E23C/PublicPartFileList.xml
     [ddgen] [Info]    Dictionary generation finished (0 seconds)
     [ddgen] 
     [mkdir] Created dir: C:\Users\kjakka\eclipse-workspace.jdi\LocalDevelopment\t\FCBA932EEA9D439C7F76B9798681E23C\gen_ddic\datatypes
     [mkdir] Created dir: C:\Users\kjakka\eclipse-workspace.jdi\LocalDevelopment\t\FCBA932EEA9D439C7F76B9798681E23C\gen_ddic\dbtables
     [timer] Dictionary generator finished in 0.828 seconds
 
      [echo] Starting common model generator
     [cmgen] 
     [cmgen] [Info]    Property deployment is true: Deployment information is provided!
     [cmgen] [Info]    Property sourcepath ...
     [cmgen] [Info]       C:\Users\kjakka\eclipse-workspace.jdi\LocalDevelopment\DCs\demo.sap.com\test\_comp\src\packages
     [cmgen] [Info]    Property targetpath: C:\Users\kjakka\eclipse-workspace.jdi\LocalDevelopment\t\FCBA932EEA9D439C7F76B9798681E23C\gen_cmi
     [cmgen] [Info]    Property archivename: demo.sap.com~test
     [cmgen] [Info]    Property vendor: demo.sap.com
     [cmgen] [Info]    Property dcname: test
     [cmgen] [Info]    Property metadatapath: C:\Users\kjakka\eclipse-workspace.jdi\LocalDevelopment\t\FCBA932EEA9D439C7F76B9798681E23C
     [cmgen] [Info]    Property generates2x is false: S2X files will not be generated
     [cmgen] [Info]    Property projectlanguage: en
     [cmgen] [Info]    Property language: Available languages are automatically determined
     [cmgen] [Info]    Property addpaths ...
     [cmgen] [Info]       core.exception.lib.api.jar - C:/Users/kjakka/eclipse-workspace.jdi/LocalDevelopment/ENGFACADE/sap.com/tc/bl/exception/lib/_comp/gen/default/public/api/lib/java
     [cmgen] [Info]       tc~bl~logging~api~defaultttt.jar - C:/Users/kjakka/eclipse-workspace.jdi/LocalDevelopment/ENGFACADE/sap.com/tc/bl/logging/api/_comp/gen/default/public/api/lib/java
     [cmgen] [Info]       tc~aii~base~offline~facade.jar - C:/Users/kjakka/eclipse-workspace.jdi/LocalDevelopment/FRAMEWORK/sap.com/tc/aii/base/offline/facade/_comp/gen/default/public/api/lib/java
     [cmgen] [Info]       com.sap.tc.cmi.jar - C:/Users/kjakka/eclipse-workspace.jdi/LocalDevelopment/FRAMEWORK/sap.com/tc/cmi/_comp/gen/default/public/default/lib/java
     [cmgen] [Info]       tc~cmi.jar - C:/Users/kjakka/eclipse-workspace.jdi/LocalDevelopment/FRAMEWORK/sap.com/tc/cmi/_comp/gen/default/public/default/lib/java
     [cmgen] [Info]       SapMetamodelDictionaryContent.zip - C:/Users/kjakka/eclipse-workspace.jdi/LocalDevelopment/FRAMEWORK/sap.com/tc/ddic/runtime/facade/_comp/gen/default/public/runtime/lib/java
     [cmgen] [Info]       dictionary.rtcontainer.facade.filter.jar - C:/Users/kjakka/eclipse-workspace.jdi/LocalDevelopment/FRAMEWORK/sap.com/tc/ddic/runtime/facade/_comp/gen/default/public/runtime/lib/java
     [cmgen] [Info]       dictionary.runtime.facade.filter.jar - C:/Users/kjakka/eclipse-workspace.jdi/LocalDevelopment/FRAMEWORK/sap.com/tc/ddic/runtime/facade/_comp/gen/default/public/runtime/lib/java
     [cmgen] [Info]       dictionary.services.facade.filter.jar - C:/Users/kjakka/eclipse-workspace.jdi/LocalDevelopment/FRAMEWORK/sap.com/tc/ddic/runtime/facade/_comp/gen/default/public/runtime/lib/java
     [cmgen] [Info]       tc~ddic~runtime~facade.jar - C:/Users/kjakka/eclipse-workspace.jdi/LocalDevelopment/FRAMEWORK/sap.com/tc/ddic/runtime/facade/_comp/gen/default/public/runtime/lib/java
     [cmgen] [Info]       SapMetamodelDictionaryContent.zip - C:/Users/kjakka/eclipse-workspace.jdi/LocalDevelopment/SAP_BUILDT/sap.com/tc/bi/extddic/_comp/gen/default/public/def/lib/model
     [cmgen] [Info]       SapMetamodelWebdynproContent.zip - C:/Users/kjakka/eclipse-workspace.jdi/LocalDevelopment/WD-RUNTIME/sap.com/tc/wd/api/_comp/gen/default/public/default/lib/java
     [cmgen] [Info]       SapMetamodelWebdynproResources.zip - C:/Users/kjakka/eclipse-workspace.jdi/LocalDevelopment/WD-RUNTIME/sap.com/tc/wd/api/_comp/gen/default/public/default/lib/java
     [cmgen] [Info]       sap.com~tc~wd~api~default.jar - C:/Users/kjakka/eclipse-workspace.jdi/LocalDevelopment/WD-RUNTIME/sap.com/tc/wd/api/_comp/gen/default/public/default/lib/java
     [cmgen] [Info]       sap.com~tc~wd~api~gci.jar - C:/Users/kjakka/eclipse-workspace.jdi/LocalDevelopment/WD-RUNTIME/sap.com/tc/wd/api/_comp/gen/default/public/gci/lib/java
     [cmgen] [Info]    Optional property i18npath is empty
     [cmgen] [Info]    Initialize generation templates from configuration jar:file:/C:/Users/kjakka/eclipse-workspace.jdi/LocalDevelopment/SAP_BUILDT/sap.com/tc/bi/extcm/_comp/gen/default/public/def/lib/java/common_model_generation_core_api.jar!/CommonModelGenerationConfigurationCompiled.xml
     [cmgen] [Info]    Using DocumentBuilder com.sun.org.apache.xerces.internal.jaxp.DocumentBuilderImpl
     [cmgen] [Info]    Generating C:/Users/kjakka/eclipse-workspace.jdi/LocalDevelopment/t/FCBA932EEA9D439C7F76B9798681E23C/S2XFileList.txt
     [cmgen] [Info]    Generating C:/Users/kjakka/eclipse-workspace.jdi/LocalDevelopment/t/FCBA932EEA9D439C7F76B9798681E23C/PublicPartFileList.xml
     [cmgen] [Info]    Common model generation finished (0 seconds)
     [cmgen] 
     [mkdir] Created dir: C:\Users\kjakka\eclipse-workspace.jdi\LocalDevelopment\t\FCBA932EEA9D439C7F76B9798681E23C\gen_cmi\packages
     [timer] Common model generator finished in 0.13 seconds
 
      [echo] Starting WebDynpro generator
     [wdgen] 
     [wdgen] [Info]    Property deployment is true: Deployment information is provided!
     [wdgen] [Info]    Property sourcepath ...
     [wdgen] [Info]       C:\Users\kjakka\eclipse-workspace.jdi\LocalDevelopment\DCs\demo.sap.com\test\_comp\src\packages
     [wdgen] [Info]    Property targetpath: C:\Users\kjakka\eclipse-workspace.jdi\LocalDevelopment\t\FCBA932EEA9D439C7F76B9798681E23C\gen_wdp
     [wdgen] [Info]    Property archivename: demo.sap.com~test
     [wdgen] [Info]    Property vendor: demo.sap.com
     [wdgen] [Info]    Property dcname: test
     [wdgen] [Info]    Property metadatapath: C:\Users\kjakka\eclipse-workspace.jdi\LocalDevelopment\t\FCBA932EEA9D439C7F76B9798681E23C
     [wdgen] [Info]    Property generates2x is false: S2X files will not be generated
     [wdgen] [Info]    Property projectlanguage: en
     [wdgen] [Info]    Property language: Available languages are automatically determined!
     [wdgen] [Info]    Property addpaths ...
     [wdgen] [Info]       core.exception.lib.api.jar - C:/Users/kjakka/eclipse-workspace.jdi/LocalDevelopment/ENGFACADE/sap.com/tc/bl/exception/lib/_comp/gen/default/public/api/lib/java
     [wdgen] [Info]       tc~bl~logging~api~defaultttt.jar - C:/Users/kjakka/eclipse-workspace.jdi/LocalDevelopment/ENGFACADE/sap.com/tc/bl/logging/api/_comp/gen/default/public/api/lib/java
     [wdgen] [Info]       tc~aii~base~offline~facade.jar - C:/Users/kjakka/eclipse-workspace.jdi/LocalDevelopment/FRAMEWORK/sap.com/tc/aii/base/offline/facade/_comp/gen/default/public/api/lib/java
     [wdgen] [Info]       com.sap.tc.cmi.jar - C:/Users/kjakka/eclipse-workspace.jdi/LocalDevelopment/FRAMEWORK/sap.com/tc/cmi/_comp/gen/default/public/default/lib/java
     [wdgen] [Info]       tc~cmi.jar - C:/Users/kjakka/eclipse-workspace.jdi/LocalDevelopment/FRAMEWORK/sap.com/tc/cmi/_comp/gen/default/public/default/lib/java
     [wdgen] [Info]       SapMetamodelDictionaryContent.zip - C:/Users/kjakka/eclipse-workspace.jdi/LocalDevelopment/FRAMEWORK/sap.com/tc/ddic/runtime/facade/_comp/gen/default/public/runtime/lib/java
     [wdgen] [Info]       dictionary.rtcontainer.facade.filter.jar - C:/Users/kjakka/eclipse-workspace.jdi/LocalDevelopment/FRAMEWORK/sap.com/tc/ddic/runtime/facade/_comp/gen/default/public/runtime/lib/java
     [wdgen] [Info]       dictionary.runtime.facade.filter.jar - C:/Users/kjakka/eclipse-workspace.jdi/LocalDevelopment/FRAMEWORK/sap.com/tc/ddic/runtime/facade/_comp/gen/default/public/runtime/lib/java
     [wdgen] [Info]       dictionary.services.facade.filter.jar - C:/Users/kjakka/eclipse-workspace.jdi/LocalDevelopment/FRAMEWORK/sap.com/tc/ddic/runtime/facade/_comp/gen/default/public/runtime/lib/java
     [wdgen] [Info]       tc~ddic~runtime~facade.jar - C:/Users/kjakka/eclipse-workspace.jdi/LocalDevelopment/FRAMEWORK/sap.com/tc/ddic/runtime/facade/_comp/gen/default/public/runtime/lib/java
     [wdgen] [Info]       SapMetamodelDictionaryContent.zip - C:/Users/kjakka/eclipse-workspace.jdi/LocalDevelopment/SAP_BUILDT/sap.com/tc/bi/extddic/_comp/gen/default/public/def/lib/model
     [wdgen] [Info]       SapMetamodelWebdynproContent.zip - C:/Users/kjakka/eclipse-workspace.jdi/LocalDevelopment/WD-RUNTIME/sap.com/tc/wd/api/_comp/gen/default/public/default/lib/java
     [wdgen] [Info]       SapMetamodelWebdynproResources.zip - C:/Users/kjakka/eclipse-workspace.jdi/LocalDevelopment/WD-RUNTIME/sap.com/tc/wd/api/_comp/gen/default/public/default/lib/java
     [wdgen] [Info]       sap.com~tc~wd~api~default.jar - C:/Users/kjakka/eclipse-workspace.jdi/LocalDevelopment/WD-RUNTIME/sap.com/tc/wd/api/_comp/gen/default/public/default/lib/java
     [wdgen] [Info]       sap.com~tc~wd~api~gci.jar - C:/Users/kjakka/eclipse-workspace.jdi/LocalDevelopment/WD-RUNTIME/sap.com/tc/wd/api/_comp/gen/default/public/gci/lib/java
     [wdgen] [Info]    Optional property i18npath is empty
     [wdgen] [Info]    Initialize generation templates from configuration jar:file:/C:/Users/kjakka/eclipse-workspace.jdi/LocalDevelopment/SAP_BUILDT/sap.com/tc/bi/extwd/_comp/gen/default/public/def/lib/java/webdynpro_generation_core_api.jar!/WebDynproGenerationConfigurationCompiled.xml
     [wdgen] [Info]    Using DocumentBuilder com.sun.org.apache.xerces.internal.jaxp.DocumentBuilderImpl
     [wdgen] [Info]TransparentContainer 'RootElement': No elements in 'Children'
     [wdgen] [Info]    Generating packages/com/sap/demo/test/wd/comp/new1comp/wdp/IPublicNew1Comp.java
     [wdgen] [Info]    Generating packages/com/sap/demo/test/wd/comp/new1comp/wdp/IPrivateNew1Comp.java
     [wdgen] [Info]    Generating packages/com/sap/demo/test/wd/comp/new1comp/New1Comp.java
     [wdgen] [Info]    Generating packages/com/sap/demo/test/wd/comp/new1comp/wdp/InternalNew1Comp.java
     [wdgen] [Info]    Generating packages/com/sap/demo/test/wd/comp/new1comp/wdp/IPrivateNew1CompView.java
     [wdgen] [Info]    Generating packages/com/sap/demo/test/wd/comp/new1comp/New1CompView.java
     [wdgen] [Info]    Generating packages/com/sap/demo/test/wd/comp/new1comp/wdp/InternalNew1CompView.java
     [wdgen] [Info]    Generating packages/com/sap/demo/test/wd/comp/new1comp/wdp/IPublicNew1CompWindow.java
     [wdgen] [Info]    Generating packages/com/sap/demo/test/wd/comp/new1comp/wdp/IPrivateNew1CompWindow.java
     [wdgen] [Info]    Generating packages/com/sap/demo/test/wd/comp/new1comp/New1CompWindow.java
     [wdgen] [Info]    Generating packages/com/sap/demo/test/wd/comp/new1comp/wdp/InternalNew1CompWindow.java
     [wdgen] [Info]    Generating packages/com/sap/demo/test/wd/comp/new1comp/wdp/IExternalNew1CompInterface.java
     [wdgen] [Info]    Generating packages/com/sap/demo/test/wd/comp/new1comp/New1CompInterface.wdcontroller
     [wdgen] [Info]    Generating packages/com/sap/demo/test/wd/comp/new1comp/wdp/IMessageNew1Comp.java
     [wdgen] [Info]    Generating packages/com/sap/demo/test/wd/comp/new1comp/wdp/IConstantNew1Comp.java
     [wdgen] [Info]    Generation of all components: 264 ms
     [wdgen] [Info]    Generation of all component interface definitions: 12 ms
     [wdgen] [Info]    Generating configuration/Components/com.sap.demo.test.wd.comp.new1comp.New1Comp/wdrr.xml
     [wdgen] [Info]    Generating packages/com/sap/demo/test/wd/comp/new1comp/wdp/ResourceNew1Comp.properties
     [wdgen] [Info]    Generating configuration/Components/com.sap.demo.test.wd.comp.new1comp.New1Comp/wdrr.properties
     [wdgen] [Info]    Creating file configuration/Components/com.sap.demo.test.wd.comp.new1comp.New1Comp/wdrr.properties not necesseary
     [wdgen] [Info]    Generating packages/com/sap/demo/test/wd/comp/new1comp/wdp/ResourceNew1Comp_en.properties
     [wdgen] [Info]    Generating configuration/Components/com.sap.demo.test.wd.comp.new1comp.New1Comp/wdrr_en.properties
     [wdgen] [Info]    Creating file configuration/Components/com.sap.demo.test.wd.comp.new1comp.New1Comp/wdrr_en.properties not necesseary
     [wdgen] [Info]    Generating C:/Users/kjakka/eclipse-workspace.jdi/LocalDevelopment/t/FCBA932EEA9D439C7F76B9798681E23C/S2XFileList.txt
     [wdgen] [Info]    projectVersion = 1
     [wdgen] [Info]    Generating webdynpro.xml
     [wdgen] [Info]    Generating wd.xml
     [wdgen] [Info]    Generating application.xml
     [wdgen] [Info]    Generating application-j2ee-engine.xml
     [wdgen] [Info]    Generating C:/Users/kjakka/eclipse-workspace.jdi/LocalDevelopment/t/FCBA932EEA9D439C7F76B9798681E23C/PublicPartFileList.xml
     [wdgen] [Info]    WebDynpro generation finished (0 seconds)
     [wdgen] 
     [timer] WebDynpro generator finished in 0.7 seconds
 
      [echo] Starting Java compiler using the current JVM
      [echo] Settings:
      [echo]         debug: on
      [echo]      optimize: off
      [echo]   deprecation: default
      [echo]       verbose: default
      [echo]      encoding: UTF-8
      [echo]        source: default
      [echo]        target: default
      [echo]  source paths: 
      [echo]       C:\Users\kjakka\eclipse-workspace.jdi\LocalDevelopment\DCs\demo.sap.com\test\_comp\src\packages
      [echo]       C:\Users\kjakka\eclipse-workspace.jdi\LocalDevelopment\t\FCBA932EEA9D439C7F76B9798681E23C\gen_ddic/datatypes
      [echo]       C:\Users\kjakka\eclipse-workspace.jdi\LocalDevelopment\t\FCBA932EEA9D439C7F76B9798681E23C\gen_cmi/packages
      [echo]       C:\Users\kjakka\eclipse-workspace.jdi\LocalDevelopment\t\FCBA932EEA9D439C7F76B9798681E23C\gen_wdp/packages
      [echo]    class path:
      [echo]       C:\Users\kjakka\eclipse-workspace.jdi\LocalDevelopment\WD-RUNTIME\sap.com\tc\wd\api\_comp\gen\default\public\gci\lib\java\sap.com~tc~wd~api~gci.jar
      [echo]       C:\Users\kjakka\eclipse-workspace.jdi\LocalDevelopment\FRAMEWORK\sap.com\tc\cmi\_comp\gen\default\public\default\lib\java\com.sap.tc.cmi.jar
      [echo]       C:\Users\kjakka\eclipse-workspace.jdi\LocalDevelopment\FRAMEWORK\sap.com\tc\cmi\_comp\gen\default\public\default\lib\java\tc~cmi.jar
      [echo]       C:\Users\kjakka\eclipse-workspace.jdi\LocalDevelopment\FRAMEWORK\sap.com\tc\ddic\runtime\facade\_comp\gen\default\public\runtime\lib\java\dictionary.rtcontainer.facade.filter.jar
      [echo]       C:\Users\kjakka\eclipse-workspace.jdi\LocalDevelopment\FRAMEWORK\sap.com\tc\ddic\runtime\facade\_comp\gen\default\public\runtime\lib\java\dictionary.runtime.facade.filter.jar
      [echo]       C:\Users\kjakka\eclipse-workspace.jdi\LocalDevelopment\FRAMEWORK\sap.com\tc\ddic\runtime\facade\_comp\gen\default\public\runtime\lib\java\dictionary.services.facade.filter.jar
      [echo]       C:\Users\kjakka\eclipse-workspace.jdi\LocalDevelopment\FRAMEWORK\sap.com\tc\ddic\runtime\facade\_comp\gen\default\public\runtime\lib\java\tc~ddic~runtime~facade.jar
      [echo]       C:\Users\kjakka\eclipse-workspace.jdi\LocalDevelopment\FRAMEWORK\sap.com\tc\ddic\runtime\facade\_comp\gen\default\public\runtime\lib\java\SapMetamodelDictionaryContent.zip
      [echo]       C:\Users\kjakka\eclipse-workspace.jdi\LocalDevelopment\ENGFACADE\sap.com\tc\bl\logging\api\_comp\gen\default\public\api\lib\java\tc~bl~logging~api~defaultttt.jar
      [echo]       C:\Users\kjakka\eclipse-workspace.jdi\LocalDevelopment\FRAMEWORK\sap.com\tc\aii\base\offline\facade\_comp\gen\default\public\api\lib\java\tc~aii~base~offline~facade.jar
      [echo]       C:\Users\kjakka\eclipse-workspace.jdi\LocalDevelopment\ENGFACADE\sap.com\tc\bl\exception\lib\_comp\gen\default\public\api\lib\java\core.exception.lib.api.jar
      [echo]       C:\Users\kjakka\eclipse-workspace.jdi\LocalDevelopment\WD-RUNTIME\sap.com\tc\wd\api\_comp\gen\default\public\default\lib\java\sap.com~tc~wd~api~default.jar
      [echo]       C:\Users\kjakka\eclipse-workspace.jdi\LocalDevelopment\WD-RUNTIME\sap.com\tc\wd\api\_comp\gen\default\public\default\lib\java\SapMetamodelWebdynproContent.zip
      [echo]       C:\Users\kjakka\eclipse-workspace.jdi\LocalDevelopment\WD-RUNTIME\sap.com\tc\wd\api\_comp\gen\default\public\default\lib\java\SapMetamodelWebdynproResources.zip
      [echo]    output dir: C:\Users\kjakka\eclipse-workspace.jdi\LocalDevelopment\t\FCBA932EEA9D439C7F76B9798681E23C\classes
     [javac] Compiling 14 source files to C:\Users\kjakka\eclipse-workspace.jdi\LocalDevelopment\t\FCBA932EEA9D439C7F76B9798681E23C\classes
     [timer] Java compilation finished in 0.431 seconds
 
      [echo] Start XLF conversion
  [xlf2prop] Found 0 XLF files to convert in folder "src\packages"
  [xlf2prop] Found 0 XLF files to convert in folder "C:\Users\kjakka\eclipse-workspace.jdi\LocalDevelopment\t\FCBA932EEA9D439C7F76B9798681E23C\gen_ddic\datatypes"
  [xlf2prop] Found 0 XLF files to convert in folder "C:\Users\kjakka\eclipse-workspace.jdi\LocalDevelopment\t\FCBA932EEA9D439C7F76B9798681E23C\gen_cmi\packages"
  [xlf2prop] Found 0 XLF files to convert in folder "C:\Users\kjakka\eclipse-workspace.jdi\LocalDevelopment\t\FCBA932EEA9D439C7F76B9798681E23C\gen_wdp\packages"
     [timer] XLF conversion finished in 0.005 seconds
 
      [echo] Starting WebDynpro class minimizer (mode 'auto')
     [wdmin] mode is 'no', skip minimizer
     [timer] WebDynpro class minimizer finished in 0.007 seconds
 
 
createWDA:
  [pppacker] Packed  40 files for entity  (Java Package Tree/Class)
     [timer] WebDynpro Application Jar packaging finished in 0.125 seconds
 
  [pppacker] Including "demo.sap.com~test.jar" from component "test" (vendor "demo.sap.com"), public part "WebDynpro Application Jar".
  [pppacker] Packed  32 files for entity WebDynpro Archive (WebDynpro Archive/Archive)
     [timer] WebDynpro Application packaging finished in 0.111 seconds
 
 
createDeployArchive:
      [echo] Create deploy file demo.sap.com~test
     [mkdir] Created dir: C:\Users\kjakka\eclipse-workspace.jdi\LocalDevelopment\t2\FCBA932EEA9D439C7F76B9798681E23C\default\deploy
       [cda] Preparing archive for deploy unit "default"
       [cda]   deployment type: "J2EE"
       [cda]   assembly roots: 
       [cda]     C:\Users\kjakka\eclipse-workspace.jdi\LocalDevelopment\t\FCBA932EEA9D439C7F76B9798681E23C\wda-pp
       [cda]     C:\Users\kjakka\eclipse-workspace.jdi\LocalDevelopment\t\FCBA932EEA9D439C7F76B9798681E23C\wda-pp
       [cda]   deploy options:
       [cda]     update-descriptors = true
 
       [cda] Creating Ant build file: C:\Users\kjakka\eclipse-workspace.jdi\LocalDevelopment\t2\FCBA932EEA9D439C7F76B9798681E23C\default\logs\buildDeployArchive.xml
 
 
       [cda] Validating descriptor C:\Users\kjakka\eclipse-workspace.jdi\LocalDevelopment\t\FCBA932EEA9D439C7F76B9798681E23C\gen_wdp\application.xml
 
       [cda] Validating descriptor C:\Users\kjakka\eclipse-workspace.jdi\LocalDevelopment\t\FCBA932EEA9D439C7F76B9798681E23C\gen_wdp\application-j2ee-engine.xml
 
       [cda] Collecting modules ...
       [cda] Adding module 'demo.sap.com~test.war' from current development component
       [cda] Ant build file creation finished in 0.112 seconds
 
packDeployArchive:
 [srcpacker] Creating source archive
 [srcpacker] Adding source archive from demo.sap.com~test
     [timer] Source archive creation finished in 0.031 seconds
 
    [jarsap] Info: JarSAP version 20090803.1000
    [jarsap] Info: JarSAPProcessing version 20170313.1300 / JarSL version 20100616.1800
    [jarsap] Building: C:\Users\kjakka\eclipse-workspace.jdi\LocalDevelopment\t2\FCBA932EEA9D439C7F76B9798681E23C\default\deploy\demo.sap.com~test.ear with compression
     [timer] JarSAP finished in 0.032 seconds
 
 
build:
 
Ant runtime 2.71 seconds
 
Ant build finished OK
 
Build plugin finished at 2026-06-29 04:34:05 GMT-04:00 (EDT)
Total build plugin runtime: 3.499 seconds
 
Build finished with WARNING

==== Post-Processing ====   started at 2026-06-29 04:34:05.418 EDT
Comparison of previous and actual build results took: 0 seconds

Copy the build results 
  from: C:\Users\kjakka\eclipse-workspace.jdi\LocalDevelopment\t2\FCBA932EEA9D439C7F76B9798681E23C\default\
  to:   C:\Users\kjakka\eclipse-workspace.jdi\LocalDevelopment\DCs\demo.sap.com\test\_comp\gen\default\
